// Vitest Snapshot v1, https://vitest.dev/guide/snapshot.html

exports[`Card component > matches snapshot 1`] = `
<DocumentFragment>
  <div
    class="flex w-full h-full"
    style="perspective: 1000px;"
  >
    <div
      class="w-full relative transition-all duration-200 ease-linear inter-var"
      style="transform-style: preserve-3d;"
    >
      <div
        class="[transform-style:preserve-3d] [&>*]:[transform-style:preserve-3d] bg-gray-50 group/card dark:hover:shadow-2xl dark:bg-black dark:border-white/[0.2] border-black/[0.1] w-full h-full rounded-xl border"
      >
        Test Content
      </div>
    </div>
  </div>
</DocumentFragment>
`;
