// Vitest Snapshot v1, https://vitest.dev/guide/snapshot.html

exports[`CustomTooltip component > matches the snapshot 1`] = `
<DocumentFragment>
  <div
    class=""
    data-mui-internal-clone-element="true"
  >
    <span>
      Hover me
    </span>
  </div>
</DocumentFragment>
`;
