// Vitest Snapshot v1, https://vitest.dev/guide/snapshot.html

exports[`Modal Component > matches snapshot 1`] = `
<DocumentFragment>
  <div
    class="h-full w-full cursor-pointer"
  >
    <button>
      Open
    </button>
  </div>
</DocumentFragment>
`;
