// Vitest Snapshot v1, https://vitest.dev/guide/snapshot.html

exports[`ExampleComponent > matches the snapshot 1`] = `
<DocumentFragment>
  <div
    class="text-blue-900 rounded-xl flex justify-center flex-wrap items-center contain-size overflow-hidden h-full border-[2px] bg-app-lightModeBoxes-box14 dark:bg-app-darkModeBoxes-box14 border-app-darkModeBoxes-box14 dark:border-app-lightModeBoxes-box14"
    data-testid="example-container"
  >
    <div
      class="absolute inset-0 flex items-center justify-center"
    >
      <span
        class="MuiCircularProgress-root MuiCircularProgress-indeterminate MuiCircularProgress-colorPrimary css-1yonwsg-MuiCircularProgress-root"
        role="progressbar"
        style="width: 40px; height: 40px;"
      >
        <svg
          class="MuiCircularProgress-svg css-1idz92c-MuiCircularProgress-svg"
          viewBox="22 22 44 44"
        >
          <circle
            class="MuiCircularProgress-circle MuiCircularProgress-circleIndeterminate css-1a8epmm-MuiCircularProgress-circle"
            cx="44"
            cy="44"
            fill="none"
            r="20.2"
            stroke-width="3.6"
          />
        </svg>
      </span>
    </div>
    <img
      class="rounded-lg min-h-full min-w-full flex-shrink object-cover opacity-0"
      src="/src/assets/images/construction.png"
    />
  </div>
</DocumentFragment>
`;
