// Vitest Snapshot v1, https://vitest.dev/guide/snapshot.html

exports[`CenterSection component > renders correctly on desktop 1`] = `
<DocumentFragment>
  <div
    class="grid grid-cols-2 grid-rows-20 lg:grid-cols-100 lg:grid-rows-100 gap-4"
  >
    <div
      class="rounded-xl bg-transparent  shadow-3d-light dark:shadow-3d-dark transition-all hover:shadow-hover-light dark:hover:shadow-hover-dark "
      style="grid-area: 26 / 19 / span 30 / span 18;"
    >
      <div
        class="flex w-full h-full"
        style="perspective: 1000px;"
      >
        <div
          class="w-full relative transition-all duration-200 ease-linear inter-var"
          style="transform-style: preserve-3d;"
        >
          <div
            class="[transform-style:preserve-3d] [&>*]:[transform-style:preserve-3d] bg-gray-50 group/card dark:hover:shadow-2xl dark:bg-black dark:border-white/[0.2] border-black/[0.1] w-full h-full rounded-xl border"
          >
            <div
              class="text-blue-900 rounded-xl flex justify-center flex-wrap items-center contain-size overflow-hidden h-full border-[2px] bg-app-lightModeBoxes-box2 dark:bg-app-darkModeBoxes-box2 border-app-darkModeBoxes-box2 dark:border-app-lightModeBoxes-box2"
              data-testid="example-container"
            >
              <div
                class="absolute inset-0 flex items-center justify-center"
              >
                <span
                  class="MuiCircularProgress-root MuiCircularProgress-indeterminate MuiCircularProgress-colorPrimary css-1yonwsg-MuiCircularProgress-root"
                  role="progressbar"
                  style="width: 40px; height: 40px;"
                >
                  <svg
                    class="MuiCircularProgress-svg css-1idz92c-MuiCircularProgress-svg"
                    viewBox="22 22 44 44"
                  >
                    <circle
                      class="MuiCircularProgress-circle MuiCircularProgress-circleIndeterminate css-1a8epmm-MuiCircularProgress-circle"
                      cx="44"
                      cy="44"
                      fill="none"
                      r="20.2"
                      stroke-width="3.6"
                    />
                  </svg>
                </span>
              </div>
              <img
                class="rounded-lg min-h-full min-w-full flex-shrink object-cover opacity-0"
                src="/src/assets/images/construction.png"
              />
            </div>
          </div>
        </div>
      </div>
    </div>
    <div
      class="rounded-xl bg-transparent  shadow-3d-light dark:shadow-3d-dark transition-all hover:shadow-hover-light dark:hover:shadow-hover-dark "
      style="grid-area: 56 / 27 / span 9 / span 9;"
    >
      <div
        class="flex w-full h-full"
        style="perspective: 1000px;"
      >
        <div
          class="w-full relative transition-all duration-200 ease-linear inter-var"
          style="transform-style: preserve-3d;"
        >
          <div
            class="[transform-style:preserve-3d] [&>*]:[transform-style:preserve-3d] bg-gray-50 group/card dark:hover:shadow-2xl dark:bg-black dark:border-white/[0.2] border-black/[0.1] w-full h-full rounded-xl border"
          >
            <div
              class="text-blue-900 rounded-xl flex justify-center flex-wrap items-center contain-size overflow-hidden h-full border-[2px] bg-app-lightModeBoxes-box1 dark:bg-app-darkModeBoxes-box1 border-app-darkModeBoxes-box1 dark:border-app-lightModeBoxes-box1"
              data-testid="example-container"
            >
              <div
                class="absolute inset-0 flex items-center justify-center"
              >
                <span
                  class="MuiCircularProgress-root MuiCircularProgress-indeterminate MuiCircularProgress-colorPrimary css-1yonwsg-MuiCircularProgress-root"
                  role="progressbar"
                  style="width: 40px; height: 40px;"
                >
                  <svg
                    class="MuiCircularProgress-svg css-1idz92c-MuiCircularProgress-svg"
                    viewBox="22 22 44 44"
                  >
                    <circle
                      class="MuiCircularProgress-circle MuiCircularProgress-circleIndeterminate css-1a8epmm-MuiCircularProgress-circle"
                      cx="44"
                      cy="44"
                      fill="none"
                      r="20.2"
                      stroke-width="3.6"
                    />
                  </svg>
                </span>
              </div>
              <img
                class="rounded-lg min-h-full min-w-full flex-shrink object-cover opacity-0"
                src="/src/assets/images/construction.png"
              />
            </div>
          </div>
        </div>
      </div>
    </div>
    <div
      class="rounded-xl bg-transparent  shadow-3d-light dark:shadow-3d-dark transition-all hover:shadow-hover-light dark:hover:shadow-hover-dark "
      style="grid-area: 49 / 37 / span 10 / span 22;"
    >
      <div
        class="flex w-full h-full"
        style="perspective: 1000px;"
      >
        <div
          class="w-full relative transition-all duration-200 ease-linear inter-var"
          style="transform-style: preserve-3d;"
        >
          <div
            class="[transform-style:preserve-3d] [&>*]:[transform-style:preserve-3d] bg-gray-50 group/card dark:hover:shadow-2xl dark:bg-black dark:border-white/[0.2] border-black/[0.1] w-full h-full rounded-xl border"
          >
            <div
              class="flex relative flex-col justify-between w-full h-full p-4 overflow-hidden rounded-xl border-[2px] bg-app-lightModeBoxes-box16 dark:bg-app-darkModeBoxes-box16 border-app-darkModeBoxes-box16 dark:border-app-lightModeBoxes-box16"
            >
              <div
                class="transition-opacity duration-500 opacity-100 h-full"
              >
                <p
                  class="text-gray-700 dark:text-gray-100 h-full"
                  data-testid="current-joke"
                >
                  I decided to create this presentation because, let's face it, my jokes arenâ€™t as good as my code... but here we are.
                </p>
              </div>
              <button
                aria-label="refresh joke"
                class="MuiButtonBase-root MuiIconButton-root MuiIconButton-sizeMedium css-5fjsz0-MuiButtonBase-root-MuiIconButton-root"
                data-testid="refresh-joke-button"
                tabindex="0"
                type="button"
              >
                <svg
                  aria-hidden="true"
                  class="MuiSvgIcon-root MuiSvgIcon-fontSizeMedium css-20bmp1-MuiSvgIcon-root"
                  data-testid="CachedIcon"
                  focusable="false"
                  viewBox="0 0 24 24"
                >
                  <path
                    d="m19 8-4 4h3c0 3.31-2.69 6-6 6-1.01 0-1.97-.25-2.8-.7l-1.46 1.46C8.97 19.54 10.43 20 12 20c4.42 0 8-3.58 8-8h3zM6 12c0-3.31 2.69-6 6-6 1.01 0 1.97.25 2.8.7l1.46-1.46C15.03 4.46 13.57 4 12 4c-4.42 0-8 3.58-8 8H1l4 4 4-4z"
                  />
                </svg>
              </button>
            </div>
          </div>
        </div>
      </div>
    </div>
    <div
      class="rounded-xl bg-transparent  shadow-3d-light dark:shadow-3d-dark transition-all hover:shadow-hover-light dark:hover:shadow-hover-dark "
      style="grid-area: 30 / 37 / span 19 / span 51;"
    >
      <div
        class="flex w-full h-full"
        style="perspective: 1000px;"
      >
        <div
          class="w-full relative transition-all duration-200 ease-linear inter-var"
          style="transform-style: preserve-3d;"
        >
          <div
            class="[transform-style:preserve-3d] [&>*]:[transform-style:preserve-3d] bg-gray-50 group/card dark:hover:shadow-2xl dark:bg-black dark:border-white/[0.2] border-black/[0.1] w-full h-full rounded-xl border"
          >
            <div
              class="text-blue-900 rounded-xl flex justify-center flex-wrap items-center contain-size overflow-hidden h-full border-[2px] bg-app-lightModeBoxes-box9 dark:bg-app-darkModeBoxes-box9 border-app-darkModeBoxes-box9 dark:border-app-lightModeBoxes-box9"
              data-testid="example-container"
            >
              <div
                class="absolute inset-0 flex items-center justify-center"
              >
                <span
                  class="MuiCircularProgress-root MuiCircularProgress-indeterminate MuiCircularProgress-colorPrimary css-1yonwsg-MuiCircularProgress-root"
                  role="progressbar"
                  style="width: 40px; height: 40px;"
                >
                  <svg
                    class="MuiCircularProgress-svg css-1idz92c-MuiCircularProgress-svg"
                    viewBox="22 22 44 44"
                  >
                    <circle
                      class="MuiCircularProgress-circle MuiCircularProgress-circleIndeterminate css-1a8epmm-MuiCircularProgress-circle"
                      cx="44"
                      cy="44"
                      fill="none"
                      r="20.2"
                      stroke-width="3.6"
                    />
                  </svg>
                </span>
              </div>
              <img
                class="rounded-lg min-h-full min-w-full flex-shrink object-cover opacity-0"
                src="/src/assets/images/construction.png"
              />
            </div>
          </div>
        </div>
      </div>
    </div>
    <div
      class="rounded-xl bg-transparent  shadow-3d-light dark:shadow-3d-dark transition-all hover:shadow-hover-light dark:hover:shadow-hover-dark "
      style="grid-area: 21 / 43 / span 9 / span 22;"
    >
      <div
        class="flex w-full h-full"
        style="perspective: 1000px;"
      >
        <div
          class="w-full relative transition-all duration-200 ease-linear inter-var"
          style="transform-style: preserve-3d;"
        >
          <div
            class="[transform-style:preserve-3d] [&>*]:[transform-style:preserve-3d] bg-gray-50 group/card dark:hover:shadow-2xl dark:bg-black dark:border-white/[0.2] border-black/[0.1] w-full h-full rounded-xl border"
          >
            <div
              class="flex relative flex-col justify-between h-full p-4 rounded-xl bg-gray-200 dark:bg-gray-800"
            >
              <div
                class="mb-4"
              >
                <h2
                  class="text-xl font-bold mb-6 text-black dark:text-white"
                >
                  Hi! I'm George Gil
                </h2>
                <p
                  class="text-black dark:text-white"
                >
                  I'm a curious software engineer who also plays guitar, not always at the same time though.
                </p>
              </div>
            </div>
          </div>
        </div>
      </div>
    </div>
  </div>
</DocumentFragment>
`;
